Component: ARM Compiler 5.06 update 1 (build 61) Tool: armlink [4d35a8]

==============================================================================

Section Cross References

    can1task.o(.text) refers to can1.o(.bss) for can1RxMsg
    can1task.o(.text) refers to can1task.o(.data) for ZGyroModuleAngle
    can2task.o(.text) refers to encoder.o(.text) for Encoder_Process
    can2task.o(.text) refers to can2.o(.bss) for can2RxMsg
    can2task.o(.text) refers to can2task.o(.bss) for CM1Encoder
    inputtask.o(.text) refers to usart1.o(.bss) for dbus
    inputtask.o(.text) refers to inputtask.o(.data) for workingState
    inputtask.o(.text) refers to inputtask.o(.bss) for CMSpeed
    outputtask.o(.text) refers to motor.o(.text) for SetCMSpeed
    outputtask.o(.text) refers to inputtask.o(.bss) for CMSpeed
    outputtask.o(.text) refers to outputtask.o(.data) for CM1SpeedPID
    outputtask.o(.text) refers to can2task.o(.bss) for CM1Encoder
    outputtask.o(.text) refers to inputtask.o(.data) for fanState
    outputtask.o(.data) refers to pid.o(.text) for PID_Calc
    relaytask.o(.text) refers to crc16.o(.text) for CRC16Append
    relaytask.o(.text) refers to usart3.o(.text) for USART3_PrintBlock
    relaytask.o(.text) refers to relaytask.o(.bss) for relay_buf
    bsp.o(.text) refers to misc.o(.text) for NVIC_PriorityGroupConfig
    bsp.o(.text) refers to pwm.o(.text) for PWM_Config
    bsp.o(.text) refers to led.o(.text) for Led_Config
    bsp.o(.text) refers to timer.o(.text) for TIM2_Config
    bsp.o(.text) refers to can1.o(.text) for CAN1_Config
    bsp.o(.text) refers to can2.o(.text) for CAN2_Config
    bsp.o(.text) refers to usart1.o(.text) for USART1_Config
    bsp.o(.text) refers to usart3.o(.text) for USART3_Config
    bsp.o(.text) refers to quadencoder.o(.text) for QuadEncoder_Config
    bsp.o(.text) refers to stm32f4xx_gpio.o(.text) for GPIO_ResetBits
    can1.o(.text) refers to stm32f4xx_rcc.o(.text) for RCC_AHB1PeriphClockCmd
    can1.o(.text) refers to stm32f4xx_gpio.o(.text) for GPIO_PinAFConfig
    can1.o(.text) refers to misc.o(.text) for NVIC_Init
    can1.o(.text) refers to stm32f4xx_can.o(.text) for CAN_DeInit
    can1.o(.text) refers to can1task.o(.text) for Can1Task
    can1.o(.text) refers to can1.o(.bss) for can1RxMsg
    can2.o(.text) refers to stm32f4xx_rcc.o(.text) for RCC_AHB1PeriphClockCmd
    can2.o(.text) refers to stm32f4xx_gpio.o(.text) for GPIO_PinAFConfig
    can2.o(.text) refers to misc.o(.text) for NVIC_Init
    can2.o(.text) refers to stm32f4xx_can.o(.text) for CAN_DeInit
    can2.o(.text) refers to can2task.o(.text) for Can2Task
    can2.o(.text) refers to can2.o(.bss) for can2RxMsg
    cbus.o(.text) refers to crc16.o(.text) for CRC16Append
    crc8.o(.text) refers to crc8.o(.constdata) for CRC8Table
    crc16.o(.text) refers to crc16.o(.constdata) for CRC16Table
    crc32.o(.text) refers to crc32.o(.data) for tab_gen_flag
    crc32.o(.text) refers to crc32.o(.bss) for CRC32Table
    fifo.o(.text) refers to malloc.o(i.malloc) for malloc
    fifo.o(.text) refers to malloc.o(i.free) for free
    led.o(.text) refers to stm32f4xx_rcc.o(.text) for RCC_AHB1PeriphClockCmd
    led.o(.text) refers to stm32f4xx_gpio.o(.text) for GPIO_Init
    motor.o(.text) refers to stm32f4xx_can.o(.text) for CAN_Transmit
    pwm.o(.text) refers to stm32f4xx_rcc.o(.text) for RCC_AHB1PeriphClockCmd
    pwm.o(.text) refers to stm32f4xx_gpio.o(.text) for GPIO_Init
    pwm.o(.text) refers to stm32f4xx_tim.o(.text) for TIM_TimeBaseInit
    quadencoder.o(.text) refers to stm32f4xx_rcc.o(.text) for RCC_AHB1PeriphClockCmd
    quadencoder.o(.text) refers to stm32f4xx_gpio.o(.text) for GPIO_Init
    quadencoder.o(.text) refers to stm32f4xx_tim.o(.text) for TIM_EncoderInterfaceConfig
    timer.o(.text) refers to stm32f4xx_rcc.o(.text) for RCC_APB1PeriphClockCmd
    timer.o(.text) refers to misc.o(.text) for NVIC_Init
    timer.o(.text) refers to stm32f4xx_tim.o(.text) for TIM_TimeBaseInit
    timer.o(.text) refers to outputtask.o(.text) for OutputTask
    usart1.o(.text) refers to stm32f4xx_rcc.o(.text) for RCC_AHB1PeriphClockCmd
    usart1.o(.text) refers to stm32f4xx_gpio.o(.text) for GPIO_PinAFConfig
    usart1.o(.text) refers to stm32f4xx_usart.o(.text) for USART_DeInit
    usart1.o(.text) refers to stm32f4xx_dma.o(.text) for DMA_DeInit
    usart1.o(.text) refers to misc.o(.text) for NVIC_Init
    usart1.o(.text) refers to dbus.o(.text) for DBUS_DEC
    usart1.o(.text) refers to inputtask.o(.text) for InputTask
    usart1.o(.text) refers to relaytask.o(.text) for RelayTask
    usart1.o(.text) refers to usart1.o(.bss) for usart1_dma_rx_buf
    usart1.o(.text) refers to usart1.o(.data) for this_time_rx_len
    usart1.o(.text) refers to relaytask.o(.bss) for relay_buf
    usart3.o(.text) refers to stm32f4xx_rcc.o(.text) for RCC_AHB1PeriphClockCmd
    usart3.o(.text) refers to stm32f4xx_gpio.o(.text) for GPIO_PinAFConfig
    usart3.o(.text) refers to stm32f4xx_usart.o(.text) for USART_Init
    usart3.o(.text) refers to misc.o(.text) for NVIC_Init
    usart3.o(.text) refers to fifo.o(.text) for FIFO_Create
    usart3.o(.text) refers to usart3.o(.data) for usart3_tx_fifo
    stm32f4xx_can.o(.text) refers to stm32f4xx_rcc.o(.text) for RCC_APB1PeriphResetCmd
    stm32f4xx_gpio.o(.text) refers to stm32f4xx_rcc.o(.text) for RCC_AHB1PeriphResetCmd
    stm32f4xx_rcc.o(.text) refers to stm32f4xx_rcc.o(.data) for APBAHBPrescTable
    stm32f4xx_syscfg.o(.text) refers to stm32f4xx_rcc.o(.text) for RCC_APB2PeriphResetCmd
    stm32f4xx_tim.o(.text) refers to stm32f4xx_rcc.o(.text) for RCC_APB2PeriphResetCmd
    stm32f4xx_usart.o(.text) refers to stm32f4xx_rcc.o(.text) for RCC_APB2PeriphResetCmd
    system_stm32f4xx.o(.text) refers to system_stm32f4xx.o(.data) for SystemCoreClock
    startup_stm32f4xx.o(RESET) refers to startup_stm32f4xx.o(STACK) for __initial_sp
    startup_stm32f4xx.o(RESET) refers to startup_stm32f4xx.o(.text) for Reset_Handler
    startup_stm32f4xx.o(RESET) refers to can1.o(.text) for CAN1_TX_IRQHandler
    startup_stm32f4xx.o(RESET) refers to timer.o(.text) for TIM2_IRQHandler
    startup_stm32f4xx.o(RESET) refers to usart1.o(.text) for USART1_IRQHandler
    startup_stm32f4xx.o(RESET) refers to usart3.o(.text) for USART3_IRQHandler
    startup_stm32f4xx.o(RESET) refers to can2.o(.text) for CAN2_TX_IRQHandler
    startup_stm32f4xx.o(.text) refers to system_stm32f4xx.o(.text) for SystemInit
    startup_stm32f4xx.o(.text) refers to entry.o(.ARM.Collect$$$$00000000) for __main
    main.o(.text) refers to bsp.o(.text) for BSP_Config
    entry.o(.ARM.Collect$$$$00000000) refers (Special) to entry10a.o(.ARM.Collect$$$$0000000D) for __rt_final_cpp
    entry.o(.ARM.Collect$$$$00000000) refers (Special) to entry11a.o(.ARM.Collect$$$$0000000F) for __rt_final_exit
    entry.o(.ARM.Collect$$$$00000000) refers (Special) to entry7b.o(.ARM.Collect$$$$00000008) for _main_clock
    entry.o(.ARM.Collect$$$$00000000) refers (Special) to entry8b.o(.ARM.Collect$$$$0000000A) for _main_cpp_init
    entry.o(.ARM.Collect$$$$00000000) refers (Special) to entry9a.o(.ARM.Collect$$$$0000000B) for _main_init
    entry.o(.ARM.Collect$$$$00000000) refers (Special) to entry5.o(.ARM.Collect$$$$00000004) for _main_scatterload
    entry.o(.ARM.Collect$$$$00000000) refers (Special) to entry2.o(.ARM.Collect$$$$00000001) for _main_stk
    malloc.o(i.free) refers to mvars.o(.data) for __microlib_freelist
    malloc.o(i.malloc) refers to mvars.o(.data) for __microlib_freelist_initialised
    malloc.o(i.malloc) refers to mvars.o(.data) for __microlib_freelist
    malloc.o(i.malloc) refers to startup_stm32f4xx.o(HEAP) for __heap_base
    mallocr.o(i.__free$realloc) refers to mvars.o(.data) for __microlib_freelist
    mallocr.o(i.__malloc$realloc) refers to mallocr.o(i.internal_alloc) for internal_alloc
    mallocr.o(i.__malloc$realloc) refers to mvars.o(.data) for __microlib_freelist_initialised
    mallocr.o(i.__malloc$realloc) refers to startup_stm32f4xx.o(HEAP) for __heap_base
    mallocr.o(i.__malloc$realloc) refers to mvars.o(.data) for __microlib_freelist
    mallocr.o(i.internal_alloc) refers to memcpya.o(.text) for __aeabi_memcpy
    mallocr.o(i.internal_alloc) refers to mvars.o(.data) for __microlib_freelist
    mallocr.o(i.realloc) refers to mallocr.o(i.__free$realloc) for __free$realloc
    mallocr.o(i.realloc) refers to mallocr.o(i.internal_alloc) for internal_alloc
    mallocr.o(i.realloc) refers to mallocr.o(i.__malloc$realloc) for __malloc$realloc
    mallocr.o(i.realloc) refers to mvars.o(.data) for __microlib_freelist
    malloca.o(i.__aligned_malloc) refers to mvars.o(.data) for __microlib_freelist_initialised
    malloca.o(i.__aligned_malloc) refers to mvars.o(.data) for __microlib_freelist
    malloca.o(i.__aligned_malloc) refers to startup_stm32f4xx.o(HEAP) for __heap_base
    malloca.o(i.__free$memalign) refers to mvars.o(.data) for __microlib_freelist
    malloca.o(i.__malloc$memalign) refers to malloca.o(i.__aligned_malloc) for __aligned_malloc
    mallocra.o(i.__aligned_malloc$realloc) refers to mallocra.o(i.internal_alloc) for internal_alloc
    mallocra.o(i.__aligned_malloc$realloc) refers to mvars.o(.data) for __microlib_freelist_initialised
    mallocra.o(i.__aligned_malloc$realloc) refers to startup_stm32f4xx.o(HEAP) for __heap_base
    mallocra.o(i.__aligned_malloc$realloc) refers to mvars.o(.data) for __microlib_freelist
    mallocra.o(i.__free$realloc$memalign) refers to mvars.o(.data) for __microlib_freelist
    mallocra.o(i.__malloc$realloc$memalign) refers to mallocra.o(i.__aligned_malloc$realloc) for __aligned_malloc$realloc
    mallocra.o(i.__realloc$memalign) refers to mallocra.o(i.__free$realloc$memalign) for __free$realloc$memalign
    mallocra.o(i.__realloc$memalign) refers to mallocra.o(i.internal_alloc) for internal_alloc
    mallocra.o(i.__realloc$memalign) refers to mallocra.o(i.__malloc$realloc$memalign) for __malloc$realloc$memalign
    mallocra.o(i.__realloc$memalign) refers to mvars.o(.data) for __microlib_freelist
    mallocra.o(i.internal_alloc) refers to memcpya.o(.text) for __aeabi_memcpy
    mallocra.o(i.internal_alloc) refers to mvars.o(.data) for __microlib_freelist
    entry2.o(.ARM.Collect$$$$00000001) refers to entry2.o(.ARM.Collect$$$$00002712) for __lit__00000000
    entry2.o(.ARM.Collect$$$$00002712) refers to startup_stm32f4xx.o(STACK) for __initial_sp
    entry2.o(__vectab_stack_and_reset_area) refers to startup_stm32f4xx.o(STACK) for __initial_sp
    entry2.o(__vectab_stack_and_reset_area) refers to entry.o(.ARM.Collect$$$$00000000) for __main
    entry5.o(.ARM.Collect$$$$00000004) refers to init.o(.text) for __scatterload
    entry9a.o(.ARM.Collect$$$$0000000B) refers to main.o(.text) for main
    entry9b.o(.ARM.Collect$$$$0000000C) refers to main.o(.text) for main
    init.o(.text) refers to entry5.o(.ARM.Collect$$$$00000004) for __main_after_scatterload


==============================================================================

Removing Unused input sections from the image.

    Removing can1task.o(.rev16_text), (4 bytes).
    Removing can1task.o(.revsh_text), (4 bytes).
    Removing can2task.o(.rev16_text), (4 bytes).
    Removing can2task.o(.revsh_text), (4 bytes).
    Removing inputtask.o(.rev16_text), (4 bytes).
    Removing inputtask.o(.revsh_text), (4 bytes).
    Removing outputtask.o(.rev16_text), (4 bytes).
    Removing outputtask.o(.revsh_text), (4 bytes).
    Removing relaytask.o(.rev16_text), (4 bytes).
    Removing relaytask.o(.revsh_text), (4 bytes).
    Removing bsp.o(.rev16_text), (4 bytes).
    Removing bsp.o(.revsh_text), (4 bytes).
    Removing can1.o(.rev16_text), (4 bytes).
    Removing can1.o(.revsh_text), (4 bytes).
    Removing can2.o(.rev16_text), (4 bytes).
    Removing can2.o(.revsh_text), (4 bytes).
    Removing cbus.o(.text), (90 bytes).
    Removing crc8.o(.text), (104 bytes).
    Removing crc8.o(.constdata), (257 bytes).
    Removing crc32.o(.text), (212 bytes).
    Removing crc32.o(.bss), (1024 bytes).
    Removing crc32.o(.constdata), (4 bytes).
    Removing crc32.o(.data), (1 bytes).
    Removing delay.o(.rev16_text), (4 bytes).
    Removing delay.o(.revsh_text), (4 bytes).
    Removing delay.o(.text), (108 bytes).
    Removing encoder.o(.rev16_text), (4 bytes).
    Removing encoder.o(.revsh_text), (4 bytes).
    Removing led.o(.rev16_text), (4 bytes).
    Removing led.o(.revsh_text), (4 bytes).
    Removing motor.o(.rev16_text), (4 bytes).
    Removing motor.o(.revsh_text), (4 bytes).
    Removing pwm.o(.rev16_text), (4 bytes).
    Removing pwm.o(.revsh_text), (4 bytes).
    Removing quadencoder.o(.rev16_text), (4 bytes).
    Removing quadencoder.o(.revsh_text), (4 bytes).
    Removing ramp.o(.text), (78 bytes).
    Removing timer.o(.rev16_text), (4 bytes).
    Removing timer.o(.revsh_text), (4 bytes).
    Removing usart1.o(.rev16_text), (4 bytes).
    Removing usart1.o(.revsh_text), (4 bytes).
    Removing usart3.o(.rev16_text), (4 bytes).
    Removing usart3.o(.revsh_text), (4 bytes).
    Removing misc.o(.rev16_text), (4 bytes).
    Removing misc.o(.revsh_text), (4 bytes).
    Removing stm32f4xx_can.o(.rev16_text), (4 bytes).
    Removing stm32f4xx_can.o(.revsh_text), (4 bytes).
    Removing stm32f4xx_dma.o(.rev16_text), (4 bytes).
    Removing stm32f4xx_dma.o(.revsh_text), (4 bytes).
    Removing stm32f4xx_flash.o(.rev16_text), (4 bytes).
    Removing stm32f4xx_flash.o(.revsh_text), (4 bytes).
    Removing stm32f4xx_flash.o(.text), (1212 bytes).
    Removing stm32f4xx_gpio.o(.rev16_text), (4 bytes).
    Removing stm32f4xx_gpio.o(.revsh_text), (4 bytes).
    Removing stm32f4xx_rcc.o(.rev16_text), (4 bytes).
    Removing stm32f4xx_rcc.o(.revsh_text), (4 bytes).
    Removing stm32f4xx_syscfg.o(.rev16_text), (4 bytes).
    Removing stm32f4xx_syscfg.o(.revsh_text), (4 bytes).
    Removing stm32f4xx_syscfg.o(.text), (140 bytes).
    Removing stm32f4xx_tim.o(.rev16_text), (4 bytes).
    Removing stm32f4xx_tim.o(.revsh_text), (4 bytes).
    Removing stm32f4xx_usart.o(.rev16_text), (4 bytes).
    Removing stm32f4xx_usart.o(.revsh_text), (4 bytes).
    Removing system_stm32f4xx.o(.rev16_text), (4 bytes).
    Removing system_stm32f4xx.o(.revsh_text), (4 bytes).
    Removing main.o(.rev16_text), (4 bytes).
    Removing main.o(.revsh_text), (4 bytes).

67 unused section(s) (total 3454 bytes) removed from the image.

==============================================================================

Image Symbol Table

    Local Symbols

    Symbol Name                              Value     Ov Type        Size  Object(Section)

    ../clib/../cmprslib/zerorunl2.c          0x00000000   Number         0  __dczerorl2.o ABSOLUTE
    ../clib/microlib/init/entry.s            0x00000000   Number         0  entry11b.o ABSOLUTE
    ../clib/microlib/init/entry.s            0x00000000   Number         0  entry11a.o ABSOLUTE
    ../clib/microlib/init/entry.s            0x00000000   Number         0  entry10b.o ABSOLUTE
    ../clib/microlib/init/entry.s            0x00000000   Number         0  entry10a.o ABSOLUTE
    ../clib/microlib/init/entry.s            0x00000000   Number         0  entry9b.o ABSOLUTE
    ../clib/microlib/init/entry.s            0x00000000   Number         0  entry8b.o ABSOLUTE
    ../clib/microlib/init/entry.s            0x00000000   Number         0  entry8a.o ABSOLUTE
    ../clib/microlib/init/entry.s            0x00000000   Number         0  entry7b.o ABSOLUTE
    ../clib/microlib/init/entry.s            0x00000000   Number         0  entry7a.o ABSOLUTE
    ../clib/microlib/init/entry.s            0x00000000   Number         0  entry5.o ABSOLUTE
    ../clib/microlib/init/entry.s            0x00000000   Number         0  entry2.o ABSOLUTE
    ../clib/microlib/init/entry.s            0x00000000   Number         0  entry9a.o ABSOLUTE
    ../clib/microlib/init/entry.s            0x00000000   Number         0  entry.o ABSOLUTE
    ../clib/microlib/malloc/malloc.c         0x00000000   Number         0  mallocra.o ABSOLUTE
    ../clib/microlib/malloc/malloc.c         0x00000000   Number         0  malloca.o ABSOLUTE
    ../clib/microlib/malloc/malloc.c         0x00000000   Number         0  mallocr.o ABSOLUTE
    ../clib/microlib/malloc/malloc.c         0x00000000   Number         0  malloc.o ABSOLUTE
    ../clib/microlib/malloc/mvars.c          0x00000000   Number         0  mvars.o ABSOLUTE
    ../clib/microlib/string/memcpy.c         0x00000000   Number         0  memcpyb.o ABSOLUTE
    ../clib/microlib/string/memcpy.c         0x00000000   Number         0  memcpya.o ABSOLUTE
    ..\\app\\Can1Task.c                      0x00000000   Number         0  can1task.o ABSOLUTE
    ..\\app\\Can2Task.c                      0x00000000   Number         0  can2task.o ABSOLUTE
    ..\\app\\InputTask.c                     0x00000000   Number         0  inputtask.o ABSOLUTE
    ..\\app\\OutputTask.c                    0x00000000   Number         0  outputtask.o ABSOLUTE
    ..\\app\\RelayTask.c                     0x00000000   Number         0  relaytask.o ABSOLUTE
    ..\\bsp\\QuadEncoder.c                   0x00000000   Number         0  quadencoder.o ABSOLUTE
    ..\\bsp\\bsp.c                           0x00000000   Number         0  bsp.o ABSOLUTE
    ..\\bsp\\can1.c                          0x00000000   Number         0  can1.o ABSOLUTE
    ..\\bsp\\can2.c                          0x00000000   Number         0  can2.o ABSOLUTE
    ..\\bsp\\delay.c                         0x00000000   Number         0  delay.o ABSOLUTE
    ..\\bsp\\encoder.c                       0x00000000   Number         0  encoder.o ABSOLUTE
    ..\\bsp\\led.c                           0x00000000   Number         0  led.o ABSOLUTE
    ..\\bsp\\motor.c                         0x00000000   Number         0  motor.o ABSOLUTE
    ..\\bsp\\pwm.c                           0x00000000   Number         0  pwm.o ABSOLUTE
    ..\\bsp\\timer.c                         0x00000000   Number         0  timer.o ABSOLUTE
    ..\\bsp\\usart1.c                        0x00000000   Number         0  usart1.o ABSOLUTE
    ..\\bsp\\usart3.c                        0x00000000   Number         0  usart3.o ABSOLUTE
    ..\\lib\\misc.c                          0x00000000   Number         0  misc.o ABSOLUTE
    ..\\lib\\stm32f4xx_can.c                 0x00000000   Number         0  stm32f4xx_can.o ABSOLUTE
    ..\\lib\\stm32f4xx_dma.c                 0x00000000   Number         0  stm32f4xx_dma.o ABSOLUTE
    ..\\lib\\stm32f4xx_flash.c               0x00000000   Number         0  stm32f4xx_flash.o ABSOLUTE
    ..\\lib\\stm32f4xx_gpio.c                0x00000000   Number         0  stm32f4xx_gpio.o ABSOLUTE
    ..\\lib\\stm32f4xx_rcc.c                 0x00000000   Number         0  stm32f4xx_rcc.o ABSOLUTE
    ..\\lib\\stm32f4xx_syscfg.c              0x00000000   Number         0  stm32f4xx_syscfg.o ABSOLUTE
    ..\\lib\\stm32f4xx_tim.c                 0x00000000   Number         0  stm32f4xx_tim.o ABSOLUTE
    ..\\lib\\stm32f4xx_usart.c               0x00000000   Number         0  stm32f4xx_usart.o ABSOLUTE
    ..\\lib\\system_stm32f4xx.c              0x00000000   Number         0  system_stm32f4xx.o ABSOLUTE
    ..\\usr\\main.c                          0x00000000   Number         0  main.o ABSOLUTE
    ..\app\Can1Task.c                        0x00000000   Number         0  can1task.o ABSOLUTE
    ..\app\Can2Task.c                        0x00000000   Number         0  can2task.o ABSOLUTE
    ..\app\InputTask.c                       0x00000000   Number         0  inputtask.o ABSOLUTE
    ..\app\OutputTask.c                      0x00000000   Number         0  outputtask.o ABSOLUTE
    ..\app\RelayTask.c                       0x00000000   Number         0  relaytask.o ABSOLUTE
    ..\bsp\QuadEncoder.c                     0x00000000   Number         0  quadencoder.o ABSOLUTE
    ..\bsp\bsp.c                             0x00000000   Number         0  bsp.o ABSOLUTE
    ..\bsp\can1.c                            0x00000000   Number         0  can1.o ABSOLUTE
    ..\bsp\can2.c                            0x00000000   Number         0  can2.o ABSOLUTE
    ..\bsp\cbus.c                            0x00000000   Number         0  cbus.o ABSOLUTE
    ..\bsp\crc16.c                           0x00000000   Number         0  crc16.o ABSOLUTE
    ..\bsp\crc32.c                           0x00000000   Number         0  crc32.o ABSOLUTE
    ..\bsp\crc8.c                            0x00000000   Number         0  crc8.o ABSOLUTE
    ..\bsp\dbus.c                            0x00000000   Number         0  dbus.o ABSOLUTE
    ..\bsp\delay.c                           0x00000000   Number         0  delay.o ABSOLUTE
    ..\bsp\encoder.c                         0x00000000   Number         0  encoder.o ABSOLUTE
    ..\bsp\fifo.c                            0x00000000   Number         0  fifo.o ABSOLUTE
    ..\bsp\led.c                             0x00000000   Number         0  led.o ABSOLUTE
    ..\bsp\motor.c                           0x00000000   Number         0  motor.o ABSOLUTE
    ..\bsp\pid.c                             0x00000000   Number         0  pid.o ABSOLUTE
    ..\bsp\pwm.c                             0x00000000   Number         0  pwm.o ABSOLUTE
    ..\bsp\ramp.c                            0x00000000   Number         0  ramp.o ABSOLUTE
    ..\bsp\timer.c                           0x00000000   Number         0  timer.o ABSOLUTE
    ..\bsp\usart1.c                          0x00000000   Number         0  usart1.o ABSOLUTE
    ..\bsp\usart3.c                          0x00000000   Number         0  usart3.o ABSOLUTE
    ..\lib\misc.c                            0x00000000   Number         0  misc.o ABSOLUTE
    ..\lib\startup_stm32f4xx.s               0x00000000   Number         0  startup_stm32f4xx.o ABSOLUTE
    ..\lib\stm32f4xx_can.c                   0x00000000   Number         0  stm32f4xx_can.o ABSOLUTE
    ..\lib\stm32f4xx_dma.c                   0x00000000   Number         0  stm32f4xx_dma.o ABSOLUTE
    ..\lib\stm32f4xx_flash.c                 0x00000000   Number         0  stm32f4xx_flash.o ABSOLUTE
    ..\lib\stm32f4xx_gpio.c                  0x00000000   Number         0  stm32f4xx_gpio.o ABSOLUTE
    ..\lib\stm32f4xx_rcc.c                   0x00000000   Number         0  stm32f4xx_rcc.o ABSOLUTE
    ..\lib\stm32f4xx_syscfg.c                0x00000000   Number         0  stm32f4xx_syscfg.o ABSOLUTE
    ..\lib\stm32f4xx_tim.c                   0x00000000   Number         0  stm32f4xx_tim.o ABSOLUTE
    ..\lib\stm32f4xx_usart.c                 0x00000000   Number         0  stm32f4xx_usart.o ABSOLUTE
    ..\lib\system_stm32f4xx.c                0x00000000   Number         0  system_stm32f4xx.o ABSOLUTE
    ..\usr\main.c                            0x00000000   Number         0  main.o ABSOLUTE
    dc.s                                     0x00000000   Number         0  dc.o ABSOLUTE
    handlers.s                               0x00000000   Number         0  handlers.o ABSOLUTE
    init.s                                   0x00000000   Number         0  init.o ABSOLUTE
    RESET                                    0x08000000   Section      392  startup_stm32f4xx.o(RESET)
    .ARM.Collect$$$$00000000                 0x08000188   Section        0  entry.o(.ARM.Collect$$$$00000000)
    .ARM.Collect$$$$00000001                 0x08000188   Section        4  entry2.o(.ARM.Collect$$$$00000001)
    .ARM.Collect$$$$00000004                 0x0800018c   Section        4  entry5.o(.ARM.Collect$$$$00000004)
    .ARM.Collect$$$$00000008                 0x08000190   Section        0  entry7b.o(.ARM.Collect$$$$00000008)
    .ARM.Collect$$$$0000000A                 0x08000190   Section        0  entry8b.o(.ARM.Collect$$$$0000000A)
    .ARM.Collect$$$$0000000B                 0x08000190   Section        8  entry9a.o(.ARM.Collect$$$$0000000B)
    .ARM.Collect$$$$0000000D                 0x08000198   Section        0  entry10a.o(.ARM.Collect$$$$0000000D)
    .ARM.Collect$$$$0000000F                 0x08000198   Section        0  entry11a.o(.ARM.Collect$$$$0000000F)
    .ARM.Collect$$$$00002712                 0x08000198   Section        4  entry2.o(.ARM.Collect$$$$00002712)
    __lit__00000000                          0x08000198   Data           4  entry2.o(.ARM.Collect$$$$00002712)
    .text                                    0x0800019c   Section        0  can1task.o(.text)
    .text                                    0x080001f4   Section        0  can2task.o(.text)
    .text                                    0x08000278   Section        0  inputtask.o(.text)
    .text                                    0x080004e8   Section        0  outputtask.o(.text)
    .text                                    0x08000758   Section        0  relaytask.o(.text)
    .text                                    0x0800077c   Section        0  bsp.o(.text)
    .text                                    0x080007bc   Section        0  can1.o(.text)
    .text                                    0x08000914   Section        0  can2.o(.text)
    .text                                    0x08000a64   Section        0  crc16.o(.text)
    .text                                    0x08000b00   Section        0  dbus.o(.text)
    .text                                    0x08000c48   Section        0  encoder.o(.text)
    .text                                    0x08000d50   Section        0  fifo.o(.text)
    .text                                    0x08000e68   Section        0  led.o(.text)
    .text                                    0x08000ea8   Section        0  motor.o(.text)
    .text                                    0x08000f58   Section        0  pid.o(.text)
    .text                                    0x08001114   Section        0  pwm.o(.text)
    .text                                    0x080012dc   Section        0  quadencoder.o(.text)
    .text                                    0x08001348   Section        0  timer.o(.text)
    .text                                    0x08001430   Section        0  usart1.o(.text)
    .text                                    0x08001618   Section        0  usart3.o(.text)
    .text                                    0x080017a8   Section        0  misc.o(.text)
    .text                                    0x08001888   Section        0  stm32f4xx_can.o(.text)
    CheckITStatus                            0x0800208b   Thumb Code    18  stm32f4xx_can.o(.text)
    .text                                    0x08002278   Section        0  stm32f4xx_dma.o(.text)
    .text                                    0x08002620   Section        0  stm32f4xx_gpio.o(.text)
    .text                                    0x0800287c   Section        0  stm32f4xx_rcc.o(.text)
    .text                                    0x08002e04   Section        0  stm32f4xx_tim.o(.text)
    TI4_Config                               0x080035a3   Thumb Code    80  stm32f4xx_tim.o(.text)
    TI3_Config                               0x08003605   Thumb Code    72  stm32f4xx_tim.o(.text)
    TI2_Config                               0x08003667   Thumb Code    90  stm32f4xx_tim.o(.text)
    TI1_Config                               0x080036d3   Thumb Code    58  stm32f4xx_tim.o(.text)
    .text                                    0x08003aa8   Section        0  stm32f4xx_usart.o(.text)
    .text                                    0x08003ec4   Section        0  system_stm32f4xx.o(.text)
    SetSysClock                              0x08003ec5   Thumb Code   220  system_stm32f4xx.o(.text)
    .text                                    0x080040d4   Section       36  startup_stm32f4xx.o(.text)
    $v0                                      0x080040d4   Number         0  startup_stm32f4xx.o(.text)
    .text                                    0x080040f8   Section        0  main.o(.text)
    .text                                    0x08004100   Section       36  init.o(.text)
    .text                                    0x08004124   Section        0  __dczerorl2.o(.text)
    i.__scatterload_copy                     0x0800417a   Section       14  handlers.o(i.__scatterload_copy)
    i.__scatterload_null                     0x08004188   Section        2  handlers.o(i.__scatterload_null)
    i.__scatterload_zeroinit                 0x0800418a   Section       14  handlers.o(i.__scatterload_zeroinit)
    i.free                                   0x08004198   Section        0  malloc.o(i.free)
    i.malloc                                 0x080041e8   Section        0  malloc.o(i.malloc)
    .constdata                               0x08004254   Section      514  crc16.o(.constdata)
    .data                                    0x20000000   Section        4  can1task.o(.data)
    ZGyroModuleAngle                         0x20000000   Data           4  can1task.o(.data)
    .data                                    0x20000004   Section        8  inputtask.o(.data)
    last_s1                                  0x2000000a   Data           1  inputtask.o(.data)
    last_s2                                  0x2000000b   Data           1  inputtask.o(.data)
    .data                                    0x2000000c   Section      324  outputtask.o(.data)
    ms_tick                                  0x2000014c   Data           4  outputtask.o(.data)
    .data                                    0x20000150   Section        8  usart1.o(.data)
    this_time_rx_len                         0x20000154   Data           4  usart1.o(.data)
    .data                                    0x20000158   Section        4  usart3.o(.data)
    .data                                    0x2000015c   Section       16  stm32f4xx_rcc.o(.data)
    APBAHBPrescTable                         0x2000015c   Data          16  stm32f4xx_rcc.o(.data)
    .data                                    0x2000016c   Section       20  system_stm32f4xx.o(.data)
    .data                                    0x20000180   Section        4  mvars.o(.data)
    .data                                    0x20000184   Section        4  mvars.o(.data)
    .bss                                     0x20000188   Section      372  can2task.o(.bss)
    .bss                                     0x200002fc   Section       24  inputtask.o(.bss)
    .bss                                     0x20000314   Section        9  relaytask.o(.bss)
    .bss                                     0x20000320   Section       20  can1.o(.bss)
    .bss                                     0x20000334   Section       20  can2.o(.bss)
    .bss                                     0x20000348   Section       94  usart1.o(.bss)
    HEAP                                     0x200003a8   Section      512  startup_stm32f4xx.o(HEAP)
    STACK                                    0x200005a8   Section     2560  startup_stm32f4xx.o(STACK)

    Global Symbols

    Symbol Name                              Value     Ov Type        Size  Object(Section)

    BuildAttributes$$THM_ISAv4$E$P$D$K$B$S$7EM$VFPi3$EXTD16$VFPS$VFMA$PE$A:L22UL41UL21$X:L11$S22US41US21$IEEE1$IW$USESV6$~STKCKD$USESV7$~SHL$OSPACE$EBA8$MICROLIB$REQ8$PRES8$EABIv2 0x00000000   Number         0  anon$$obj.o ABSOLUTE
    __ARM_use_no_argv                        0x00000000   Number         0  main.o ABSOLUTE
    __cpp_initialize__aeabi_                  - Undefined Weak Reference
    __cxa_finalize                            - Undefined Weak Reference
    _clock_init                               - Undefined Weak Reference
    _microlib_exit                            - Undefined Weak Reference
    __Vectors_Size                           0x00000188   Number         0  startup_stm32f4xx.o ABSOLUTE
    __Vectors                                0x08000000   Data           4  startup_stm32f4xx.o(RESET)
    __Vectors_End                            0x08000188   Data           0  startup_stm32f4xx.o(RESET)
    __main                                   0x08000189   Thumb Code     0  entry.o(.ARM.Collect$$$$00000000)
    _main_stk                                0x08000189   Thumb Code     0  entry2.o(.ARM.Collect$$$$00000001)
    _main_scatterload                        0x0800018d   Thumb Code     0  entry5.o(.ARM.Collect$$$$00000004)
    __main_after_scatterload                 0x08000191   Thumb Code     0  entry5.o(.ARM.Collect$$$$00000004)
    _main_clock                              0x08000191   Thumb Code     0  entry7b.o(.ARM.Collect$$$$00000008)
    _main_cpp_init                           0x08000191   Thumb Code     0  entry8b.o(.ARM.Collect$$$$0000000A)
    _main_init                               0x08000191   Thumb Code     0  entry9a.o(.ARM.Collect$$$$0000000B)
    __rt_final_cpp                           0x08000199   Thumb Code     0  entry10a.o(.ARM.Collect$$$$0000000D)
    __rt_final_exit                          0x08000199   Thumb Code     0  entry11a.o(.ARM.Collect$$$$0000000F)
    Can1Task                                 0x0800019d   Thumb Code    68  can1task.o(.text)
    GetZGyroModuleAngle                      0x080001e1   Thumb Code     8  can1task.o(.text)
    Can2Task                                 0x080001f5   Thumb Code   102  can2task.o(.text)
    GetWorkingState                          0x08000279   Thumb Code    22  inputtask.o(.text)
    GetCMSpeed                               0x0800028f   Thumb Code   180  inputtask.o(.text)
    GetGMSpeed                               0x08000343   Thumb Code   144  inputtask.o(.text)
    ActionSM                                 0x080003d3   Thumb Code    10  inputtask.o(.text)
    GetSwitchAction                          0x080003dd   Thumb Code    46  inputtask.o(.text)
    GetFanState                              0x0800040b   Thumb Code    46  inputtask.o(.text)
    GetAirState                              0x08000439   Thumb Code    46  inputtask.o(.text)
    GetBinState                              0x08000467   Thumb Code    46  inputtask.o(.text)
    InputTask                                0x08000495   Thumb Code    28  inputtask.o(.text)
    CMSpeedCtrl                              0x080004e9   Thumb Code   428  outputtask.o(.text)
    FanStateCtrl                             0x08000695   Thumb Code    28  outputtask.o(.text)
    AirStateCtrl                             0x080006b1   Thumb Code    32  outputtask.o(.text)
    BinStateCtrl                             0x080006d1   Thumb Code    32  outputtask.o(.text)
    OutputTask                               0x080006f1   Thumb Code    40  outputtask.o(.text)
    RelayTask                                0x08000759   Thumb Code    30  relaytask.o(.text)
    BSP_Config                               0x0800077d   Thumb Code    60  bsp.o(.text)
    CAN1_Config                              0x080007bd   Thumb Code   262  can1.o(.text)
    CAN1_TX_IRQHandler                       0x080008c3   Thumb Code    22  can1.o(.text)
    CAN1_RX0_IRQHandler                      0x080008d9   Thumb Code    44  can1.o(.text)
    CAN2_Config                              0x08000915   Thumb Code   264  can2.o(.text)
    CAN2_TX_IRQHandler                       0x08000a1d   Thumb Code    22  can2.o(.text)
    CAN2_RX0_IRQHandler                      0x08000a33   Thumb Code    36  can2.o(.text)
    CRC16Calc                                0x08000a65   Thumb Code    48  crc16.o(.text)
    CRC16Check                               0x08000a95   Thumb Code    58  crc16.o(.text)
    CRC16Append                              0x08000acf   Thumb Code    44  crc16.o(.text)
    RC_ENC                                   0x08000b01   Thumb Code    64  dbus.o(.text)
    RC_DEC                                   0x08000b41   Thumb Code    86  dbus.o(.text)
    HC_ENC                                   0x08000b97   Thumb Code    60  dbus.o(.text)
    HC_DEC                                   0x08000bd3   Thumb Code    66  dbus.o(.text)
    DBUS_ENC                                 0x08000c15   Thumb Code    26  dbus.o(.text)
    DBUS_DEC                                 0x08000c2f   Thumb Code    26  dbus.o(.text)
    Encoder_Process                          0x08000c49   Thumb Code   250  encoder.o(.text)
    FIFO_GetFreeSpace                        0x08000d51   Thumb Code    14  fifo.o(.text)
    FIFO_GetUsedSpace                        0x08000d5f   Thumb Code    10  fifo.o(.text)
    FIFO_IsEmpty                             0x08000d69   Thumb Code    18  fifo.o(.text)
    FIFO_IsFull                              0x08000d7b   Thumb Code    22  fifo.o(.text)
    FIFO_Pop                                 0x08000d91   Thumb Code    34  fifo.o(.text)
    FIFO_Push                                0x08000db3   Thumb Code    78  fifo.o(.text)
    FIFO_Create                              0x08000e01   Thumb Code    90  fifo.o(.text)
    FIFO_Destroy                             0x08000e5b   Thumb Code    14  fifo.o(.text)
    Led_Config                               0x08000e69   Thumb Code    58  led.o(.text)
    SetCMSpeed                               0x08000ea9   Thumb Code    92  motor.o(.text)
    SetGMSpeed                               0x08000f05   Thumb Code    82  motor.o(.text)
    PID_Reset                                0x08000f59   Thumb Code    50  pid.o(.text)
    PID_Calc                                 0x08000f8b   Thumb Code   390  pid.o(.text)
    PWM_Config                               0x08001115   Thumb Code   434  pwm.o(.text)
    QuadEncoder_Config                       0x080012dd   Thumb Code   100  quadencoder.o(.text)
    TIM6_Config                              0x08001349   Thumb Code    72  timer.o(.text)
    TIM6_Start                               0x08001391   Thumb Code    30  timer.o(.text)
    TIM6_DAC_IRQHandler                      0x080013af   Thumb Code    34  timer.o(.text)
    TIM2_Config                              0x080013d1   Thumb Code    60  timer.o(.text)
    TIM2_IRQHandler                          0x0800140d   Thumb Code    30  timer.o(.text)
    USART1_Config                            0x08001431   Thumb Code   298  usart1.o(.text)
    USART1_IRQHandler                        0x0800155b   Thumb Code   156  usart1.o(.text)
    USART3_Config                            0x08001619   Thumb Code   182  usart3.o(.text)
    USART3_Print                             0x080016cf   Thumb Code    28  usart3.o(.text)
    USART3_PrintBlock                        0x080016eb   Thumb Code    42  usart3.o(.text)
    fputc                                    0x08001715   Thumb Code    32  usart3.o(.text)
    USART3_IRQHandler                        0x08001735   Thumb Code   102  usart3.o(.text)
    NVIC_PriorityGroupConfig                 0x080017a9   Thumb Code    10  misc.o(.text)
    NVIC_Init                                0x080017b3   Thumb Code   106  misc.o(.text)
    NVIC_SetVectorTable                      0x0800181d   Thumb Code    14  misc.o(.text)
    NVIC_SystemLPConfig                      0x0800182b   Thumb Code    34  misc.o(.text)
    SysTick_CLKSourceConfig                  0x0800184d   Thumb Code    40  misc.o(.text)
    CAN_DeInit                               0x08001889   Thumb Code    50  stm32f4xx_can.o(.text)
    CAN_Init                                 0x080018bb   Thumb Code   276  stm32f4xx_can.o(.text)
    CAN_FilterInit                           0x080019cf   Thumb Code   258  stm32f4xx_can.o(.text)
    CAN_StructInit                           0x08001ad1   Thumb Code    32  stm32f4xx_can.o(.text)
    CAN_SlaveStartBank                       0x08001af1   Thumb Code    48  stm32f4xx_can.o(.text)
    CAN_DBGFreeze                            0x08001b21   Thumb Code    22  stm32f4xx_can.o(.text)
    CAN_TTComModeCmd                         0x08001b37   Thumb Code   118  stm32f4xx_can.o(.text)
    CAN_Transmit                             0x08001bad   Thumb Code   304  stm32f4xx_can.o(.text)
    CAN_TransmitStatus                       0x08001cdd   Thumb Code   138  stm32f4xx_can.o(.text)
    CAN_CancelTransmit                       0x08001d67   Thumb Code    48  stm32f4xx_can.o(.text)
    CAN_Receive                              0x08001d97   Thumb Code   240  stm32f4xx_can.o(.text)
    CAN_FIFORelease                          0x08001e87   Thumb Code    22  stm32f4xx_can.o(.text)
    CAN_MessagePending                       0x08001e9d   Thumb Code    30  stm32f4xx_can.o(.text)
    CAN_OperatingModeRequest                 0x08001ebb   Thumb Code   162  stm32f4xx_can.o(.text)
    CAN_Sleep                                0x08001f5d   Thumb Code    30  stm32f4xx_can.o(.text)
    CAN_WakeUp                               0x08001f7b   Thumb Code    48  stm32f4xx_can.o(.text)
    CAN_GetLastErrorCode                     0x08001fab   Thumb Code    12  stm32f4xx_can.o(.text)
    CAN_GetReceiveErrorCounter               0x08001fb7   Thumb Code    10  stm32f4xx_can.o(.text)
    CAN_GetLSBTransmitErrorCounter           0x08001fc1   Thumb Code    12  stm32f4xx_can.o(.text)
    CAN_ITConfig                             0x08001fcd   Thumb Code    18  stm32f4xx_can.o(.text)
    CAN_GetFlagStatus                        0x08001fdf   Thumb Code   120  stm32f4xx_can.o(.text)
    CAN_ClearFlag                            0x08002057   Thumb Code    52  stm32f4xx_can.o(.text)
    CAN_GetITStatus                          0x0800209d   Thumb Code   310  stm32f4xx_can.o(.text)
    CAN_ClearITPendingBit                    0x080021d3   Thumb Code   162  stm32f4xx_can.o(.text)
    DMA_DeInit                               0x08002279   Thumb Code   324  stm32f4xx_dma.o(.text)
    DMA_Init                                 0x080023bd   Thumb Code    82  stm32f4xx_dma.o(.text)
    DMA_StructInit                           0x0800240f   Thumb Code    34  stm32f4xx_dma.o(.text)
    DMA_Cmd                                  0x08002431   Thumb Code    22  stm32f4xx_dma.o(.text)
    DMA_PeriphIncOffsetSizeConfig            0x08002447   Thumb Code    22  stm32f4xx_dma.o(.text)
    DMA_FlowControllerConfig                 0x0800245d   Thumb Code    22  stm32f4xx_dma.o(.text)
    DMA_SetCurrDataCounter                   0x08002473   Thumb Code     4  stm32f4xx_dma.o(.text)
    DMA_GetCurrDataCounter                   0x08002477   Thumb Code     8  stm32f4xx_dma.o(.text)
    DMA_DoubleBufferModeConfig               0x0800247f   Thumb Code    24  stm32f4xx_dma.o(.text)
    DMA_DoubleBufferModeCmd                  0x08002497   Thumb Code    22  stm32f4xx_dma.o(.text)
    DMA_MemoryTargetConfig                   0x080024ad   Thumb Code    10  stm32f4xx_dma.o(.text)
    DMA_GetCurrentMemoryTarget               0x080024b7   Thumb Code    20  stm32f4xx_dma.o(.text)
    DMA_GetCmdStatus                         0x080024cb   Thumb Code    20  stm32f4xx_dma.o(.text)
    DMA_GetFIFOStatus                        0x080024df   Thumb Code    12  stm32f4xx_dma.o(.text)
    DMA_GetFlagStatus                        0x080024eb   Thumb Code    56  stm32f4xx_dma.o(.text)
    DMA_ClearFlag                            0x08002523   Thumb Code    40  stm32f4xx_dma.o(.text)
    DMA_ITConfig                             0x0800254b   Thumb Code    58  stm32f4xx_dma.o(.text)
    DMA_GetITStatus                          0x08002585   Thumb Code    84  stm32f4xx_dma.o(.text)
    DMA_ClearITPendingBit                    0x080025d9   Thumb Code    40  stm32f4xx_dma.o(.text)
    GPIO_DeInit                              0x08002621   Thumb Code   220  stm32f4xx_gpio.o(.text)
    GPIO_Init                                0x080026fd   Thumb Code   144  stm32f4xx_gpio.o(.text)
    GPIO_StructInit                          0x0800278d   Thumb Code    18  stm32f4xx_gpio.o(.text)
    GPIO_PinLockConfig                       0x0800279f   Thumb Code    34  stm32f4xx_gpio.o(.text)
    GPIO_ReadInputDataBit                    0x080027c1   Thumb Code    18  stm32f4xx_gpio.o(.text)
    GPIO_ReadInputData                       0x080027d3   Thumb Code     8  stm32f4xx_gpio.o(.text)
    GPIO_ReadOutputDataBit                   0x080027db   Thumb Code    18  stm32f4xx_gpio.o(.text)
    GPIO_ReadOutputData                      0x080027ed   Thumb Code     8  stm32f4xx_gpio.o(.text)
    GPIO_SetBits                             0x080027f5   Thumb Code     4  stm32f4xx_gpio.o(.text)
    GPIO_ResetBits                           0x080027f9   Thumb Code     4  stm32f4xx_gpio.o(.text)
    GPIO_WriteBit                            0x080027fd   Thumb Code    10  stm32f4xx_gpio.o(.text)
    GPIO_Write                               0x08002807   Thumb Code     4  stm32f4xx_gpio.o(.text)
    GPIO_ToggleBits                          0x0800280b   Thumb Code     8  stm32f4xx_gpio.o(.text)
    GPIO_PinAFConfig                         0x08002813   Thumb Code    70  stm32f4xx_gpio.o(.text)
    RCC_DeInit                               0x0800287d   Thumb Code    60  stm32f4xx_rcc.o(.text)
    RCC_HSEConfig                            0x080028b9   Thumb Code    14  stm32f4xx_rcc.o(.text)
    RCC_GetFlagStatus                        0x080028c7   Thumb Code    60  stm32f4xx_rcc.o(.text)
    RCC_WaitForHSEStartUp                    0x08002903   Thumb Code    56  stm32f4xx_rcc.o(.text)
    RCC_AdjustHSICalibrationValue            0x0800293b   Thumb Code    20  stm32f4xx_rcc.o(.text)
    RCC_HSICmd                               0x0800294f   Thumb Code     6  stm32f4xx_rcc.o(.text)
    RCC_LSEConfig                            0x08002955   Thumb Code    46  stm32f4xx_rcc.o(.text)
    RCC_LSICmd                               0x08002983   Thumb Code     6  stm32f4xx_rcc.o(.text)
    RCC_PLLConfig                            0x08002989   Thumb Code    32  stm32f4xx_rcc.o(.text)
    RCC_PLLCmd                               0x080029a9   Thumb Code     6  stm32f4xx_rcc.o(.text)
    RCC_PLLI2SConfig                         0x080029af   Thumb Code    14  stm32f4xx_rcc.o(.text)
    RCC_PLLI2SCmd                            0x080029bd   Thumb Code     6  stm32f4xx_rcc.o(.text)
    RCC_ClockSecuritySystemCmd               0x080029c3   Thumb Code     6  stm32f4xx_rcc.o(.text)
    RCC_MCO1Config                           0x080029c9   Thumb Code    28  stm32f4xx_rcc.o(.text)
    RCC_MCO2Config                           0x080029e5   Thumb Code    28  stm32f4xx_rcc.o(.text)
    RCC_SYSCLKConfig                         0x08002a01   Thumb Code    20  stm32f4xx_rcc.o(.text)
    RCC_GetSYSCLKSource                      0x08002a15   Thumb Code    12  stm32f4xx_rcc.o(.text)
    RCC_HCLKConfig                           0x08002a21   Thumb Code    20  stm32f4xx_rcc.o(.text)
    RCC_PCLK1Config                          0x08002a35   Thumb Code    20  stm32f4xx_rcc.o(.text)
    RCC_PCLK2Config                          0x08002a49   Thumb Code    22  stm32f4xx_rcc.o(.text)
    RCC_GetClocksFreq                        0x08002a5f   Thumb Code   222  stm32f4xx_rcc.o(.text)
    RCC_RTCCLKConfig                         0x08002b3d   Thumb Code    54  stm32f4xx_rcc.o(.text)
    RCC_RTCCLKCmd                            0x08002b73   Thumb Code     8  stm32f4xx_rcc.o(.text)
    RCC_BackupResetCmd                       0x08002b7b   Thumb Code     8  stm32f4xx_rcc.o(.text)
    RCC_I2SCLKConfig                         0x08002b83   Thumb Code     6  stm32f4xx_rcc.o(.text)
    RCC_AHB1PeriphClockCmd                   0x08002b89   Thumb Code    34  stm32f4xx_rcc.o(.text)
    RCC_AHB2PeriphClockCmd                   0x08002bab   Thumb Code    34  stm32f4xx_rcc.o(.text)
    RCC_AHB3PeriphClockCmd                   0x08002bcd   Thumb Code    34  stm32f4xx_rcc.o(.text)
    RCC_APB1PeriphClockCmd                   0x08002bef   Thumb Code    34  stm32f4xx_rcc.o(.text)
    RCC_APB2PeriphClockCmd                   0x08002c11   Thumb Code    34  stm32f4xx_rcc.o(.text)
    RCC_AHB1PeriphResetCmd                   0x08002c33   Thumb Code    34  stm32f4xx_rcc.o(.text)
    RCC_AHB2PeriphResetCmd                   0x08002c55   Thumb Code    72  stm32f4xx_rcc.o(.text)
    RCC_AHB3PeriphResetCmd                   0x08002c9d   Thumb Code    34  stm32f4xx_rcc.o(.text)
    RCC_APB1PeriphResetCmd                   0x08002cbf   Thumb Code    34  stm32f4xx_rcc.o(.text)
    RCC_APB2PeriphResetCmd                   0x08002ce1   Thumb Code    34  stm32f4xx_rcc.o(.text)
    RCC_AHB1PeriphClockLPModeCmd             0x08002d03   Thumb Code    34  stm32f4xx_rcc.o(.text)
    RCC_AHB2PeriphClockLPModeCmd             0x08002d25   Thumb Code    34  stm32f4xx_rcc.o(.text)
    RCC_AHB3PeriphClockLPModeCmd             0x08002d47   Thumb Code    34  stm32f4xx_rcc.o(.text)
    RCC_APB1PeriphClockLPModeCmd             0x08002d69   Thumb Code    34  stm32f4xx_rcc.o(.text)
    RCC_APB2PeriphClockLPModeCmd             0x08002d8b   Thumb Code    34  stm32f4xx_rcc.o(.text)
    RCC_ITConfig                             0x08002dad   Thumb Code    34  stm32f4xx_rcc.o(.text)
    RCC_ClearFlag                            0x08002dcf   Thumb Code    18  stm32f4xx_rcc.o(.text)
    RCC_GetITStatus                          0x08002de1   Thumb Code    22  stm32f4xx_rcc.o(.text)
    RCC_ClearITPendingBit                    0x08002df7   Thumb Code     8  stm32f4xx_rcc.o(.text)
    TIM_DeInit                               0x08002e05   Thumb Code   346  stm32f4xx_tim.o(.text)
    TIM_TimeBaseInit                         0x08002f5f   Thumb Code   104  stm32f4xx_tim.o(.text)
    TIM_TimeBaseStructInit                   0x08002fc7   Thumb Code    18  stm32f4xx_tim.o(.text)
    TIM_PrescalerConfig                      0x08002fd9   Thumb Code     6  stm32f4xx_tim.o(.text)
    TIM_CounterModeConfig                    0x08002fdf   Thumb Code    18  stm32f4xx_tim.o(.text)
    TIM_SetCounter                           0x08002ff1   Thumb Code     4  stm32f4xx_tim.o(.text)
    TIM_SetAutoreload                        0x08002ff5   Thumb Code     4  stm32f4xx_tim.o(.text)
    TIM_GetCounter                           0x08002ff9   Thumb Code     6  stm32f4xx_tim.o(.text)
    TIM_GetPrescaler                         0x08002fff   Thumb Code     6  stm32f4xx_tim.o(.text)
    TIM_UpdateDisableConfig                  0x08003005   Thumb Code    24  stm32f4xx_tim.o(.text)
    TIM_UpdateRequestConfig                  0x0800301d   Thumb Code    24  stm32f4xx_tim.o(.text)
    TIM_ARRPreloadConfig                     0x08003035   Thumb Code    24  stm32f4xx_tim.o(.text)
    TIM_SelectOnePulseMode                   0x0800304d   Thumb Code    18  stm32f4xx_tim.o(.text)
    TIM_SetClockDivision                     0x0800305f   Thumb Code    18  stm32f4xx_tim.o(.text)
    TIM_Cmd                                  0x08003071   Thumb Code    24  stm32f4xx_tim.o(.text)
    TIM_OC1Init                              0x08003089   Thumb Code   114  stm32f4xx_tim.o(.text)
    TIM_OC2Init                              0x080030fb   Thumb Code   154  stm32f4xx_tim.o(.text)
    TIM_OC3Init                              0x08003195   Thumb Code   204  stm32f4xx_tim.o(.text)
    TIM_OC4Init                              0x08003261   Thumb Code   112  stm32f4xx_tim.o(.text)
    TIM_OCStructInit                         0x080032d1   Thumb Code    20  stm32f4xx_tim.o(.text)
    TIM_SelectOCxM                           0x080032e5   Thumb Code    86  stm32f4xx_tim.o(.text)
    TIM_SetCompare1                          0x0800333b   Thumb Code     4  stm32f4xx_tim.o(.text)
    TIM_SetCompare2                          0x0800333f   Thumb Code     4  stm32f4xx_tim.o(.text)
    TIM_SetCompare3                          0x08003343   Thumb Code     4  stm32f4xx_tim.o(.text)
    TIM_SetCompare4                          0x08003347   Thumb Code     4  stm32f4xx_tim.o(.text)
    TIM_ForcedOC1Config                      0x0800334b   Thumb Code    18  stm32f4xx_tim.o(.text)
    TIM_ForcedOC2Config                      0x0800335d   Thumb Code    26  stm32f4xx_tim.o(.text)
    TIM_ForcedOC3Config                      0x08003377   Thumb Code    18  stm32f4xx_tim.o(.text)
    TIM_ForcedOC4Config                      0x08003389   Thumb Code    26  stm32f4xx_tim.o(.text)
    TIM_OC1PreloadConfig                     0x080033a3   Thumb Code    18  stm32f4xx_tim.o(.text)
    TIM_OC2PreloadConfig                     0x080033b5   Thumb Code    26  stm32f4xx_tim.o(.text)
    TIM_OC3PreloadConfig                     0x080033cf   Thumb Code    18  stm32f4xx_tim.o(.text)
    TIM_OC4PreloadConfig                     0x080033e1   Thumb Code    26  stm32f4xx_tim.o(.text)
    TIM_OC1FastConfig                        0x080033fb   Thumb Code    18  stm32f4xx_tim.o(.text)
    TIM_OC2FastConfig                        0x0800340d   Thumb Code    26  stm32f4xx_tim.o(.text)
    TIM_OC3FastConfig                        0x08003427   Thumb Code    18  stm32f4xx_tim.o(.text)
    TIM_OC4FastConfig                        0x08003439   Thumb Code    26  stm32f4xx_tim.o(.text)
    TIM_ClearOC1Ref                          0x08003453   Thumb Code    18  stm32f4xx_tim.o(.text)
    TIM_ClearOC2Ref                          0x08003465   Thumb Code    24  stm32f4xx_tim.o(.text)
    TIM_ClearOC3Ref                          0x0800347d   Thumb Code    18  stm32f4xx_tim.o(.text)
    TIM_ClearOC4Ref                          0x0800348f   Thumb Code    24  stm32f4xx_tim.o(.text)
    TIM_OC1PolarityConfig                    0x080034a7   Thumb Code    18  stm32f4xx_tim.o(.text)
    TIM_OC1NPolarityConfig                   0x080034b9   Thumb Code    18  stm32f4xx_tim.o(.text)
    TIM_OC2PolarityConfig                    0x080034cb   Thumb Code    26  stm32f4xx_tim.o(.text)
    TIM_OC2NPolarityConfig                   0x080034e5   Thumb Code    26  stm32f4xx_tim.o(.text)
    TIM_OC3PolarityConfig                    0x080034ff   Thumb Code    26  stm32f4xx_tim.o(.text)
    TIM_OC3NPolarityConfig                   0x08003519   Thumb Code    26  stm32f4xx_tim.o(.text)
    TIM_OC4PolarityConfig                    0x08003533   Thumb Code    26  stm32f4xx_tim.o(.text)
    TIM_CCxCmd                               0x0800354d   Thumb Code    30  stm32f4xx_tim.o(.text)
    TIM_CCxNCmd                              0x0800356b   Thumb Code    30  stm32f4xx_tim.o(.text)
    TIM_SetIC4Prescaler                      0x08003589   Thumb Code    26  stm32f4xx_tim.o(.text)
    TIM_SetIC3Prescaler                      0x080035f3   Thumb Code    18  stm32f4xx_tim.o(.text)
    TIM_SetIC2Prescaler                      0x0800364d   Thumb Code    26  stm32f4xx_tim.o(.text)
    TIM_SetIC1Prescaler                      0x080036c1   Thumb Code    18  stm32f4xx_tim.o(.text)
    TIM_ICInit                               0x0800370d   Thumb Code   110  stm32f4xx_tim.o(.text)
    TIM_ICStructInit                         0x0800377b   Thumb Code    18  stm32f4xx_tim.o(.text)
    TIM_PWMIConfig                           0x0800378d   Thumb Code   124  stm32f4xx_tim.o(.text)
    TIM_GetCapture1                          0x08003809   Thumb Code     6  stm32f4xx_tim.o(.text)
    TIM_GetCapture2                          0x0800380f   Thumb Code     6  stm32f4xx_tim.o(.text)
    TIM_GetCapture3                          0x08003815   Thumb Code     6  stm32f4xx_tim.o(.text)
    TIM_GetCapture4                          0x0800381b   Thumb Code     6  stm32f4xx_tim.o(.text)
    TIM_BDTRConfig                           0x08003821   Thumb Code    32  stm32f4xx_tim.o(.text)
    TIM_BDTRStructInit                       0x08003841   Thumb Code    18  stm32f4xx_tim.o(.text)
    TIM_CtrlPWMOutputs                       0x08003853   Thumb Code    30  stm32f4xx_tim.o(.text)
    TIM_SelectCOM                            0x08003871   Thumb Code    24  stm32f4xx_tim.o(.text)
    TIM_CCPreloadControl                     0x08003889   Thumb Code    24  stm32f4xx_tim.o(.text)
    TIM_ITConfig                             0x080038a1   Thumb Code    18  stm32f4xx_tim.o(.text)
    TIM_GenerateEvent                        0x080038b3   Thumb Code     4  stm32f4xx_tim.o(.text)
    TIM_GetFlagStatus                        0x080038b7   Thumb Code    18  stm32f4xx_tim.o(.text)
    TIM_ClearFlag                            0x080038c9   Thumb Code     6  stm32f4xx_tim.o(.text)
    TIM_GetITStatus                          0x080038cf   Thumb Code    34  stm32f4xx_tim.o(.text)
    TIM_ClearITPendingBit                    0x080038f1   Thumb Code     6  stm32f4xx_tim.o(.text)
    TIM_DMAConfig                            0x080038f7   Thumb Code    10  stm32f4xx_tim.o(.text)
    TIM_DMACmd                               0x08003901   Thumb Code    18  stm32f4xx_tim.o(.text)
    TIM_SelectCCDMA                          0x08003913   Thumb Code    24  stm32f4xx_tim.o(.text)
    TIM_InternalClockConfig                  0x0800392b   Thumb Code    12  stm32f4xx_tim.o(.text)
    TIM_SelectInputTrigger                   0x08003937   Thumb Code    18  stm32f4xx_tim.o(.text)
    TIM_ITRxExternalClockConfig              0x08003949   Thumb Code    24  stm32f4xx_tim.o(.text)
    TIM_TIxExternalClockConfig               0x08003961   Thumb Code    62  stm32f4xx_tim.o(.text)
    TIM_ETRConfig                            0x0800399f   Thumb Code    28  stm32f4xx_tim.o(.text)
    TIM_ETRClockMode1Config                  0x080039bb   Thumb Code    54  stm32f4xx_tim.o(.text)
    TIM_ETRClockMode2Config                  0x080039f1   Thumb Code    32  stm32f4xx_tim.o(.text)
    TIM_SelectOutputTrigger                  0x08003a11   Thumb Code    18  stm32f4xx_tim.o(.text)
    TIM_SelectSlaveMode                      0x08003a23   Thumb Code    18  stm32f4xx_tim.o(.text)
    TIM_SelectMasterSlaveMode                0x08003a35   Thumb Code    18  stm32f4xx_tim.o(.text)
    TIM_EncoderInterfaceConfig               0x08003a47   Thumb Code    66  stm32f4xx_tim.o(.text)
    TIM_SelectHallSensor                     0x08003a89   Thumb Code    24  stm32f4xx_tim.o(.text)
    TIM_RemapConfig                          0x08003aa1   Thumb Code     6  stm32f4xx_tim.o(.text)
    USART_DeInit                             0x08003aa9   Thumb Code   156  stm32f4xx_usart.o(.text)
    USART_Init                               0x08003b45   Thumb Code   204  stm32f4xx_usart.o(.text)
    USART_StructInit                         0x08003c11   Thumb Code    24  stm32f4xx_usart.o(.text)
    USART_ClockInit                          0x08003c29   Thumb Code    32  stm32f4xx_usart.o(.text)
    USART_ClockStructInit                    0x08003c49   Thumb Code    12  stm32f4xx_usart.o(.text)
    USART_Cmd                                0x08003c55   Thumb Code    24  stm32f4xx_usart.o(.text)
    USART_SetPrescaler                       0x08003c6d   Thumb Code    16  stm32f4xx_usart.o(.text)
    USART_OverSampling8Cmd                   0x08003c7d   Thumb Code    22  stm32f4xx_usart.o(.text)
    USART_OneBitMethodCmd                    0x08003c93   Thumb Code    24  stm32f4xx_usart.o(.text)
    USART_SendData                           0x08003cab   Thumb Code     8  stm32f4xx_usart.o(.text)
    USART_ReceiveData                        0x08003cb3   Thumb Code    10  stm32f4xx_usart.o(.text)
    USART_SetAddress                         0x08003cbd   Thumb Code    18  stm32f4xx_usart.o(.text)
    USART_ReceiverWakeUpCmd                  0x08003ccf   Thumb Code    24  stm32f4xx_usart.o(.text)
    USART_WakeUpConfig                       0x08003ce7   Thumb Code    18  stm32f4xx_usart.o(.text)
    USART_LINBreakDetectLengthConfig         0x08003cf9   Thumb Code    18  stm32f4xx_usart.o(.text)
    USART_LINCmd                             0x08003d0b   Thumb Code    24  stm32f4xx_usart.o(.text)
    USART_SendBreak                          0x08003d23   Thumb Code    10  stm32f4xx_usart.o(.text)
    USART_HalfDuplexCmd                      0x08003d2d   Thumb Code    24  stm32f4xx_usart.o(.text)
    USART_SetGuardTime                       0x08003d45   Thumb Code    16  stm32f4xx_usart.o(.text)
    USART_SmartCardCmd                       0x08003d55   Thumb Code    24  stm32f4xx_usart.o(.text)
    USART_SmartCardNACKCmd                   0x08003d6d   Thumb Code    24  stm32f4xx_usart.o(.text)
    USART_IrDAConfig                         0x08003d85   Thumb Code    18  stm32f4xx_usart.o(.text)
    USART_IrDACmd                            0x08003d97   Thumb Code    24  stm32f4xx_usart.o(.text)
    USART_DMACmd                             0x08003daf   Thumb Code    18  stm32f4xx_usart.o(.text)
    USART_ITConfig                           0x08003dc1   Thumb Code    74  stm32f4xx_usart.o(.text)
    USART_GetFlagStatus                      0x08003e0b   Thumb Code    26  stm32f4xx_usart.o(.text)
    USART_ClearFlag                          0x08003e25   Thumb Code    18  stm32f4xx_usart.o(.text)
    USART_GetITStatus                        0x08003e37   Thumb Code   110  stm32f4xx_usart.o(.text)
    USART_ClearITPendingBit                  0x08003ea5   Thumb Code    30  stm32f4xx_usart.o(.text)
    SystemInit                               0x08003fa1   Thumb Code    88  system_stm32f4xx.o(.text)
    SystemCoreClockUpdate                    0x08003ff9   Thumb Code   174  system_stm32f4xx.o(.text)
    Reset_Handler                            0x080040d5   Thumb Code     8  startup_stm32f4xx.o(.text)
    NMI_Handler                              0x080040dd   Thumb Code     2  startup_stm32f4xx.o(.text)
    HardFault_Handler                        0x080040df   Thumb Code     2  startup_stm32f4xx.o(.text)
    MemManage_Handler                        0x080040e1   Thumb Code     2  startup_stm32f4xx.o(.text)
    BusFault_Handler                         0x080040e3   Thumb Code     2  startup_stm32f4xx.o(.text)
    UsageFault_Handler                       0x080040e5   Thumb Code     2  startup_stm32f4xx.o(.text)
    SVC_Handler                              0x080040e7   Thumb Code     2  startup_stm32f4xx.o(.text)
    DebugMon_Handler                         0x080040e9   Thumb Code     2  startup_stm32f4xx.o(.text)
    PendSV_Handler                           0x080040eb   Thumb Code     2  startup_stm32f4xx.o(.text)
    SysTick_Handler                          0x080040ed   Thumb Code     2  startup_stm32f4xx.o(.text)
    ADC_IRQHandler                           0x080040ef   Thumb Code     0  startup_stm32f4xx.o(.text)
    CAN1_RX1_IRQHandler                      0x080040ef   Thumb Code     0  startup_stm32f4xx.o(.text)
    CAN1_SCE_IRQHandler                      0x080040ef   Thumb Code     0  startup_stm32f4xx.o(.text)
    CAN2_RX1_IRQHandler                      0x080040ef   Thumb Code     0  startup_stm32f4xx.o(.text)
    CAN2_SCE_IRQHandler                      0x080040ef   Thumb Code     0  startup_stm32f4xx.o(.text)
    CRYP_IRQHandler                          0x080040ef   Thumb Code     0  startup_stm32f4xx.o(.text)
    DCMI_IRQHandler                          0x080040ef   Thumb Code     0  startup_stm32f4xx.o(.text)
    DMA1_Stream0_IRQHandler                  0x080040ef   Thumb Code     0  startup_stm32f4xx.o(.text)
    DMA1_Stream1_IRQHandler                  0x080040ef   Thumb Code     0  startup_stm32f4xx.o(.text)
    DMA1_Stream2_IRQHandler                  0x080040ef   Thumb Code     0  startup_stm32f4xx.o(.text)
    DMA1_Stream3_IRQHandler                  0x080040ef   Thumb Code     0  startup_stm32f4xx.o(.text)
    DMA1_Stream4_IRQHandler                  0x080040ef   Thumb Code     0  startup_stm32f4xx.o(.text)
    DMA1_Stream5_IRQHandler                  0x080040ef   Thumb Code     0  startup_stm32f4xx.o(.text)
    DMA1_Stream6_IRQHandler                  0x080040ef   Thumb Code     0  startup_stm32f4xx.o(.text)
    DMA1_Stream7_IRQHandler                  0x080040ef   Thumb Code     0  startup_stm32f4xx.o(.text)
    DMA2_Stream0_IRQHandler                  0x080040ef   Thumb Code     0  startup_stm32f4xx.o(.text)
    DMA2_Stream1_IRQHandler                  0x080040ef   Thumb Code     0  startup_stm32f4xx.o(.text)
    DMA2_Stream2_IRQHandler                  0x080040ef   Thumb Code     0  startup_stm32f4xx.o(.text)
    DMA2_Stream3_IRQHandler                  0x080040ef   Thumb Code     0  startup_stm32f4xx.o(.text)
    DMA2_Stream4_IRQHandler                  0x080040ef   Thumb Code     0  startup_stm32f4xx.o(.text)
    DMA2_Stream5_IRQHandler                  0x080040ef   Thumb Code     0  startup_stm32f4xx.o(.text)
    DMA2_Stream6_IRQHandler                  0x080040ef   Thumb Code     0  startup_stm32f4xx.o(.text)
    DMA2_Stream7_IRQHandler                  0x080040ef   Thumb Code     0  startup_stm32f4xx.o(.text)
    ETH_IRQHandler                           0x080040ef   Thumb Code     0  startup_stm32f4xx.o(.text)
    ETH_WKUP_IRQHandler                      0x080040ef   Thumb Code     0  startup_stm32f4xx.o(.text)
    EXTI0_IRQHandler                         0x080040ef   Thumb Code     0  startup_stm32f4xx.o(.text)
    EXTI15_10_IRQHandler                     0x080040ef   Thumb Code     0  startup_stm32f4xx.o(.text)
    EXTI1_IRQHandler                         0x080040ef   Thumb Code     0  startup_stm32f4xx.o(.text)
    EXTI2_IRQHandler                         0x080040ef   Thumb Code     0  startup_stm32f4xx.o(.text)
    EXTI3_IRQHandler                         0x080040ef   Thumb Code     0  startup_stm32f4xx.o(.text)
    EXTI4_IRQHandler                         0x080040ef   Thumb Code     0  startup_stm32f4xx.o(.text)
    EXTI9_5_IRQHandler                       0x080040ef   Thumb Code     0  startup_stm32f4xx.o(.text)
    FLASH_IRQHandler                         0x080040ef   Thumb Code     0  startup_stm32f4xx.o(.text)
    FPU_IRQHandler                           0x080040ef   Thumb Code     0  startup_stm32f4xx.o(.text)
    FSMC_IRQHandler                          0x080040ef   Thumb Code     0  startup_stm32f4xx.o(.text)
    HASH_RNG_IRQHandler                      0x080040ef   Thumb Code     0  startup_stm32f4xx.o(.text)
    I2C1_ER_IRQHandler                       0x080040ef   Thumb Code     0  startup_stm32f4xx.o(.text)
    I2C1_EV_IRQHandler                       0x080040ef   Thumb Code     0  startup_stm32f4xx.o(.text)
    I2C2_ER_IRQHandler                       0x080040ef   Thumb Code     0  startup_stm32f4xx.o(.text)
    I2C2_EV_IRQHandler                       0x080040ef   Thumb Code     0  startup_stm32f4xx.o(.text)
    I2C3_ER_IRQHandler                       0x080040ef   Thumb Code     0  startup_stm32f4xx.o(.text)
    I2C3_EV_IRQHandler                       0x080040ef   Thumb Code     0  startup_stm32f4xx.o(.text)
    OTG_FS_IRQHandler                        0x080040ef   Thumb Code     0  startup_stm32f4xx.o(.text)
    OTG_FS_WKUP_IRQHandler                   0x080040ef   Thumb Code     0  startup_stm32f4xx.o(.text)
    OTG_HS_EP1_IN_IRQHandler                 0x080040ef   Thumb Code     0  startup_stm32f4xx.o(.text)
    OTG_HS_EP1_OUT_IRQHandler                0x080040ef   Thumb Code     0  startup_stm32f4xx.o(.text)
    OTG_HS_IRQHandler                        0x080040ef   Thumb Code     0  startup_stm32f4xx.o(.text)
    OTG_HS_WKUP_IRQHandler                   0x080040ef   Thumb Code     0  startup_stm32f4xx.o(.text)
    PVD_IRQHandler                           0x080040ef   Thumb Code     0  startup_stm32f4xx.o(.text)
    RCC_IRQHandler                           0x080040ef   Thumb Code     0  startup_stm32f4xx.o(.text)
    RTC_Alarm_IRQHandler                     0x080040ef   Thumb Code     0  startup_stm32f4xx.o(.text)
    RTC_WKUP_IRQHandler                      0x080040ef   Thumb Code     0  startup_stm32f4xx.o(.text)
    SDIO_IRQHandler                          0x080040ef   Thumb Code     0  startup_stm32f4xx.o(.text)
    SPI1_IRQHandler                          0x080040ef   Thumb Code     0  startup_stm32f4xx.o(.text)
    SPI2_IRQHandler                          0x080040ef   Thumb Code     0  startup_stm32f4xx.o(.text)
    SPI3_IRQHandler                          0x080040ef   Thumb Code     0  startup_stm32f4xx.o(.text)
    TAMP_STAMP_IRQHandler                    0x080040ef   Thumb Code     0  startup_stm32f4xx.o(.text)
    TIM1_BRK_TIM9_IRQHandler                 0x080040ef   Thumb Code     0  startup_stm32f4xx.o(.text)
    TIM1_CC_IRQHandler                       0x080040ef   Thumb Code     0  startup_stm32f4xx.o(.text)
    TIM1_TRG_COM_TIM11_IRQHandler            0x080040ef   Thumb Code     0  startup_stm32f4xx.o(.text)
    TIM1_UP_TIM10_IRQHandler                 0x080040ef   Thumb Code     0  startup_stm32f4xx.o(.text)
    TIM3_IRQHandler                          0x080040ef   Thumb Code     0  startup_stm32f4xx.o(.text)
    TIM4_IRQHandler                          0x080040ef   Thumb Code     0  startup_stm32f4xx.o(.text)
    TIM5_IRQHandler                          0x080040ef   Thumb Code     0  startup_stm32f4xx.o(.text)
    TIM7_IRQHandler                          0x080040ef   Thumb Code     0  startup_stm32f4xx.o(.text)
    TIM8_BRK_TIM12_IRQHandler                0x080040ef   Thumb Code     0  startup_stm32f4xx.o(.text)
    TIM8_CC_IRQHandler                       0x080040ef   Thumb Code     0  startup_stm32f4xx.o(.text)
    TIM8_TRG_COM_TIM14_IRQHandler            0x080040ef   Thumb Code     0  startup_stm32f4xx.o(.text)
    TIM8_UP_TIM13_IRQHandler                 0x080040ef   Thumb Code     0  startup_stm32f4xx.o(.text)
    UART4_IRQHandler                         0x080040ef   Thumb Code     0  startup_stm32f4xx.o(.text)
    UART5_IRQHandler                         0x080040ef   Thumb Code     0  startup_stm32f4xx.o(.text)
    USART2_IRQHandler                        0x080040ef   Thumb Code     0  startup_stm32f4xx.o(.text)
    USART6_IRQHandler                        0x080040ef   Thumb Code     0  startup_stm32f4xx.o(.text)
    WWDG_IRQHandler                          0x080040ef   Thumb Code     0  startup_stm32f4xx.o(.text)
    main                                     0x080040f9   Thumb Code     8  main.o(.text)
    __scatterload                            0x08004101   Thumb Code    28  init.o(.text)
    __scatterload_rt2                        0x08004101   Thumb Code     0  init.o(.text)
    __decompress                             0x08004125   Thumb Code     0  __dczerorl2.o(.text)
    __decompress1                            0x08004125   Thumb Code    86  __dczerorl2.o(.text)
    __scatterload_copy                       0x0800417b   Thumb Code    14  handlers.o(i.__scatterload_copy)
    __scatterload_null                       0x08004189   Thumb Code     2  handlers.o(i.__scatterload_null)
    __scatterload_zeroinit                   0x0800418b   Thumb Code    14  handlers.o(i.__scatterload_zeroinit)
    free                                     0x08004199   Thumb Code    76  malloc.o(i.free)
    malloc                                   0x080041e9   Thumb Code    92  malloc.o(i.malloc)
    CRC16Table                               0x08004254   Data         512  crc16.o(.constdata)
    INIT_CRC16                               0x08004454   Data           2  crc16.o(.constdata)
    Region$$Table$$Base                      0x08004458   Number         0  anon$$obj.o(Region$$Table)
    Region$$Table$$Limit                     0x08004478   Number         0  anon$$obj.o(Region$$Table)
    workingState                             0x20000004   Data           1  inputtask.o(.data)
    S1Action                                 0x20000005   Data           1  inputtask.o(.data)
    S2Action                                 0x20000006   Data           1  inputtask.o(.data)
    fanState                                 0x20000007   Data           1  inputtask.o(.data)
    airState                                 0x20000008   Data           1  inputtask.o(.data)
    binState                                 0x20000009   Data           1  inputtask.o(.data)
    CM1SpeedPID                              0x2000000c   Data          80  outputtask.o(.data)
    CM2SpeedPID                              0x2000005c   Data          80  outputtask.o(.data)
    CM3SpeedPID                              0x200000ac   Data          80  outputtask.o(.data)
    CM4SpeedPID                              0x200000fc   Data          80  outputtask.o(.data)
    usart1_dma_mem                           0x20000150   Data           1  usart1.o(.data)
    usart3_tx_fifo                           0x20000158   Data           4  usart3.o(.data)
    SystemCoreClock                          0x2000016c   Data           4  system_stm32f4xx.o(.data)
    AHBPrescTable                            0x20000170   Data          16  system_stm32f4xx.o(.data)
    __microlib_freelist                      0x20000180   Data           4  mvars.o(.data)
    __microlib_freelist_initialised          0x20000184   Data           4  mvars.o(.data)
    CM1Encoder                               0x20000188   Data          62  can2task.o(.bss)
    CM2Encoder                               0x200001c6   Data          62  can2task.o(.bss)
    CM3Encoder                               0x20000204   Data          62  can2task.o(.bss)
    CM4Encoder                               0x20000242   Data          62  can2task.o(.bss)
    GMYEncoder                               0x20000280   Data          62  can2task.o(.bss)
    GMPEncoder                               0x200002be   Data          62  can2task.o(.bss)
    CMSpeed                                  0x200002fc   Data          12  inputtask.o(.bss)
    GMSpeed                                  0x20000308   Data          12  inputtask.o(.bss)
    relay_buf                                0x20000314   Data           9  relaytask.o(.bss)
    can1RxMsg                                0x20000320   Data          20  can1.o(.bss)
    can2RxMsg                                0x20000334   Data          20  can2.o(.bss)
    usart1_dma_rx_buf                        0x20000348   Data          72  usart1.o(.bss)
    dbus                                     0x20000390   Data          22  usart1.o(.bss)
    __heap_base                              0x200003a8   Data           0  startup_stm32f4xx.o(HEAP)
    __heap_limit                             0x200005a8   Data           0  startup_stm32f4xx.o(HEAP)
    __initial_sp                             0x20000fa8   Data           0  startup_stm32f4xx.o(STACK)



==============================================================================

Memory Map of the image

  Image Entry point : 0x08000189

  Load Region LR_IROM1 (Base: 0x08000000, Size: 0x00004600, Max: 0x00100000, ABSOLUTE, COMPRESSED[0x000044b0])

    Execution Region ER_IROM1 (Base: 0x08000000, Size: 0x00004478, Max: 0x00100000, ABSOLUTE)

    Base Addr    Size         Type   Attr      Idx    E Section Name        Object

    0x08000000   0x00000188   Data   RO          886    RESET               startup_stm32f4xx.o
    0x08000188   0x00000000   Code   RO          911  * .ARM.Collect$$$$00000000  mc_w.l(entry.o)
    0x08000188   0x00000004   Code   RO          942    .ARM.Collect$$$$00000001  mc_w.l(entry2.o)
    0x0800018c   0x00000004   Code   RO          945    .ARM.Collect$$$$00000004  mc_w.l(entry5.o)
    0x08000190   0x00000000   Code   RO          947    .ARM.Collect$$$$00000008  mc_w.l(entry7b.o)
    0x08000190   0x00000000   Code   RO          949    .ARM.Collect$$$$0000000A  mc_w.l(entry8b.o)
    0x08000190   0x00000008   Code   RO          950    .ARM.Collect$$$$0000000B  mc_w.l(entry9a.o)
    0x08000198   0x00000000   Code   RO          952    .ARM.Collect$$$$0000000D  mc_w.l(entry10a.o)
    0x08000198   0x00000000   Code   RO          954    .ARM.Collect$$$$0000000F  mc_w.l(entry11a.o)
    0x08000198   0x00000004   Code   RO          943    .ARM.Collect$$$$00002712  mc_w.l(entry2.o)
    0x0800019c   0x00000058   Code   RO            3    .text               can1task.o
    0x080001f4   0x00000084   Code   RO          188    .text               can2task.o
    0x08000278   0x00000270   Code   RO          214    .text               inputtask.o
    0x080004e8   0x00000270   Code   RO          241    .text               outputtask.o
    0x08000758   0x00000024   Code   RO          264    .text               relaytask.o
    0x0800077c   0x00000040   Code   RO          290    .text               bsp.o
    0x080007bc   0x00000158   Code   RO          310    .text               can1.o
    0x08000914   0x00000150   Code   RO          336    .text               can2.o
    0x08000a64   0x0000009c   Code   RO          390    .text               crc16.o
    0x08000b00   0x00000148   Code   RO          432    .text               dbus.o
    0x08000c48   0x00000108   Code   RO          466    .text               encoder.o
    0x08000d50   0x00000118   Code   RO          484    .text               fifo.o
    0x08000e68   0x00000040   Code   RO          504    .text               led.o
    0x08000ea8   0x000000ae   Code   RO          524    .text               motor.o
    0x08000f56   0x00000002   PAD
    0x08000f58   0x000001bc   Code   RO          542    .text               pid.o
    0x08001114   0x000001c8   Code   RO          556    .text               pwm.o
    0x080012dc   0x0000006c   Code   RO          576    .text               quadencoder.o
    0x08001348   0x000000e8   Code   RO          608    .text               timer.o
    0x08001430   0x000001e8   Code   RO          628    .text               usart1.o
    0x08001618   0x00000190   Code   RO          655    .text               usart3.o
    0x080017a8   0x000000e0   Code   RO          678    .text               misc.o
    0x08001888   0x000009f0   Code   RO          698    .text               stm32f4xx_can.o
    0x08002278   0x000003a8   Code   RO          718    .text               stm32f4xx_dma.o
    0x08002620   0x0000025c   Code   RO          758    .text               stm32f4xx_gpio.o
    0x0800287c   0x00000588   Code   RO          778    .text               stm32f4xx_rcc.o
    0x08002e04   0x00000ca2   Code   RO          820    .text               stm32f4xx_tim.o
    0x08003aa6   0x00000002   PAD
    0x08003aa8   0x0000041a   Code   RO          840    .text               stm32f4xx_usart.o
    0x08003ec2   0x00000002   PAD
    0x08003ec4   0x00000210   Code   RO          860    .text               system_stm32f4xx.o
    0x080040d4   0x00000024   Code   RO          887    .text               startup_stm32f4xx.o
    0x080040f8   0x00000008   Code   RO          893    .text               main.o
    0x08004100   0x00000024   Code   RO          962    .text               mc_w.l(init.o)
    0x08004124   0x00000056   Code   RO          972    .text               mc_w.l(__dczerorl2.o)
    0x0800417a   0x0000000e   Code   RO          966    i.__scatterload_copy  mc_w.l(handlers.o)
    0x08004188   0x00000002   Code   RO          967    i.__scatterload_null  mc_w.l(handlers.o)
    0x0800418a   0x0000000e   Code   RO          968    i.__scatterload_zeroinit  mc_w.l(handlers.o)
    0x08004198   0x00000050   Code   RO          914    i.free              mc_w.l(malloc.o)
    0x080041e8   0x0000006c   Code   RO          915    i.malloc            mc_w.l(malloc.o)
    0x08004254   0x00000202   Data   RO          391    .constdata          crc16.o
    0x08004456   0x00000002   PAD
    0x08004458   0x00000020   Data   RO          964    Region$$Table       anon$$obj.o


    Execution Region RW_IRAM1 (Base: 0x20000000, Size: 0x00000fa8, Max: 0x00020000, ABSOLUTE, COMPRESSED[0x00000038])

    Base Addr    Size         Type   Attr      Idx    E Section Name        Object

    0x20000000   0x00000004   Data   RW            4    .data               can1task.o
    0x20000004   0x00000008   Data   RW          216    .data               inputtask.o
    0x2000000c   0x00000144   Data   RW          242    .data               outputtask.o
    0x20000150   0x00000008   Data   RW          630    .data               usart1.o
    0x20000158   0x00000004   Data   RW          656    .data               usart3.o
    0x2000015c   0x00000010   Data   RW          779    .data               stm32f4xx_rcc.o
    0x2000016c   0x00000014   Data   RW          861    .data               system_stm32f4xx.o
    0x20000180   0x00000004   Data   RW          960    .data               mc_w.l(mvars.o)
    0x20000184   0x00000004   Data   RW          961    .data               mc_w.l(mvars.o)
    0x20000188   0x00000174   Zero   RW          189    .bss                can2task.o
    0x200002fc   0x00000018   Zero   RW          215    .bss                inputtask.o
    0x20000314   0x00000009   Zero   RW          265    .bss                relaytask.o
    0x2000031d   0x00000003   PAD
    0x20000320   0x00000014   Zero   RW          311    .bss                can1.o
    0x20000334   0x00000014   Zero   RW          337    .bss                can2.o
    0x20000348   0x0000005e   Zero   RW          629    .bss                usart1.o
    0x200003a6   0x00000002   PAD
    0x200003a8   0x00000200   Zero   RW          885    HEAP                startup_stm32f4xx.o
    0x200005a8   0x00000a00   Zero   RW          884    STACK               startup_stm32f4xx.o


==============================================================================

Image component sizes


      Code (inc. data)   RO Data    RW Data    ZI Data      Debug   Object Name

        64          4          0          0          0        501   bsp.o
       344         16          0          0         20       1225   can1.o
        88         12          0          4          0     284687   can1task.o
       336         14          0          0         20       1221   can2.o
       132         36          0          0        372        943   can2task.o
       156          6        514          0          0       1835   crc16.o
       328          0          0          0          0       1832   dbus.o
       264         14          0          0          0        962   encoder.o
       280          0          0          0          0       2659   fifo.o
       624         56          0          8         24       3395   inputtask.o
        64          6          0          0          0        505   led.o
         8          0          0          0          0        459   main.o
       224         20          0          0          0       1801   misc.o
       174          0          0          0          0       1396   motor.o
       624         64          0        324          0       1466   outputtask.o
       444          4          0          0          0       1113   pid.o
       456         22          0          0          0        765   pwm.o
       108          8          0          0          0        561   quadencoder.o
        36          6          0          0          9        960   relaytask.o
        36          8        392          0       3072        812   startup_stm32f4xx.o
      2544         38          0          0          0       8128   stm32f4xx_can.o
       936         32          0          0          0       6381   stm32f4xx_dma.o
       604         36          0          0          0       4113   stm32f4xx_gpio.o
      1416         48          0         16          0      11027   stm32f4xx_rcc.o
      3234         60          0          0          0      22996   stm32f4xx_tim.o
      1050         26          0          0          0       7844   stm32f4xx_usart.o
       528         46          0         20          0       1831   system_stm32f4xx.o
       232          6          0          0          0       1085   timer.o
       488         34          0          8         94       1550   usart1.o
       400         14          0          4          0       2036   usart3.o

    ----------------------------------------------------------------------
     16228        636        940        384       3616     376089   Object Totals
         0          0         32          0          0          0   (incl. Generated)
         6          0          2          0          5          0   (incl. Padding)

    ----------------------------------------------------------------------

      Code (inc. data)   RO Data    RW Data    ZI Data      Debug   Library Member Name

        86          0          0          0          0          0   __dczerorl2.o
         0          0          0          0          0          0   entry.o
         0          0          0          0          0          0   entry10a.o
         0          0          0          0          0          0   entry11a.o
         8          4          0          0          0          0   entry2.o
         4          0          0          0          0          0   entry5.o
         0          0          0          0          0          0   entry7b.o
         0          0          0          0          0          0   entry8b.o
         8          4          0          0          0          0   entry9a.o
        30          0          0          0          0          0   handlers.o
        36          8          0          0          0         68   init.o
       188         20          0          0          0        160   malloc.o
         0          0          0          8          0          0   mvars.o

    ----------------------------------------------------------------------
       360         36          0          8          0        228   Library Totals
         0          0          0          0          0          0   (incl. Padding)

    ----------------------------------------------------------------------

      Code (inc. data)   RO Data    RW Data    ZI Data      Debug   Library Name

       360         36          0          8          0        228   mc_w.l

    ----------------------------------------------------------------------
       360         36          0          8          0        228   Library Totals

    ----------------------------------------------------------------------

==============================================================================


      Code (inc. data)   RO Data    RW Data    ZI Data      Debug   

     16588        672        940        392       3616     371749   Grand Totals
     16588        672        940         56       3616     371749   ELF Image Totals (compressed)
     16588        672        940         56          0          0   ROM Totals

==============================================================================

    Total RO  Size (Code + RO Data)                17528 (  17.12kB)
    Total RW  Size (RW Data + ZI Data)              4008 (   3.91kB)
    Total ROM Size (Code + RO Data + RW Data)      17584 (  17.17kB)

==============================================================================

