<html>
<body>
<pre>
<h1>礦ision Build Log</h1>
<h2>Tool Versions:</h2>
IDE-Version: μVision V5.17.0.0
Copyright (C) 2015 ARM Ltd and ARM Germany GmbH. All rights reserved.
License Information: 帮杰 莫, WHU, LIC=03CSB-2AREM-BE4HH-W2LJ8-TE5BM-4TH93
 
Tool Versions:
Toolchain:       MDK-ARM Standard  Version: 5.17
Toolchain Path:  D:\Keil_v5\ARM\ARMCC\Bin
C Compiler:      Armcc.exe V5.06 update 1 (build 61)
Assembler:       Armasm.exe V5.06 update 1 (build 61)
Linker/Locator:  ArmLink.exe V5.06 update 1 (build 61)
Library Manager: ArmAr.exe V5.06 update 1 (build 61)
Hex Converter:   FromElf.exe V5.06 update 1 (build 61)
CPU DLL:         SARMCM3.DLL V5.17
Dialog DLL:      DCM.DLL V1.13.4.0
Target DLL:      STLink\ST-LINKIII-KEIL_SWO.dll V2.0.18.0
Dialog DLL:      TCM.DLL V1.14.6.0
 
<h2>Project:</h2>
G:\RM2016\RM2016夏令营第五组抓弹车代码\prj\RM2016CAMP_INFANTRY.uvprojx
Project File Date:  07/29/2016

<h2>Output:</h2>
*** Using Compiler 'V5.06 update 1 (build 61)', folder: 'D:\Keil_v5\ARM\ARMCC\Bin'
Rebuild target 'RM2016CAMP_INFANTRY'
compiling Can1Task.c...
compiling InputTask.c...
compiling Can2Task.c...
compiling RelayTask.c...
compiling bsp.c...
compiling OutputTask.c...
compiling cbus.c...
compiling crc8.c...
compiling crc16.c...
compiling can1.c...
compiling can2.c...
compiling crc32.c...
compiling dbus.c...
compiling fifo.c...
compiling delay.c...
compiling encoder.c...
compiling pid.c...
compiling led.c...
compiling motor.c...
compiling ramp.c...
compiling pwm.c...
compiling QuadEncoder.c...
compiling timer.c...
compiling usart3.c...
compiling usart1.c...
compiling misc.c...
compiling stm32f4xx_dma.c...
compiling stm32f4xx_can.c...
compiling stm32f4xx_flash.c...
compiling stm32f4xx_gpio.c...
compiling stm32f4xx_rcc.c...
compiling stm32f4xx_syscfg.c...
compiling stm32f4xx_usart.c...
compiling stm32f4xx_tim.c...
assembling startup_stm32f4xx.s...
compiling system_stm32f4xx.c...
compiling main.c...
linking...
Program Size: Code=16556 RO-data=940 RW-data=392 ZI-data=3616  
After Build - User command #1: fromelf.exe  --bin -o ../bin/RM2016CAMP_INFANTRY.bin ./Objects/RM2016CAMP_INFANTRY.axf
".\Objects\RM2016CAMP_INFANTRY.axf" - 0 Error(s), 0 Warning(s).

<h2>Collection of Component include folders:</h2>
  G:\RM2016\RM2016夏令营第五组抓弹车代码\prj\RTE
  D:\Keil_v5\ARM\PACK\Keil\STM32F4xx_DFP\2.7.0\Drivers\CMSIS\Device\ST\STM32F4xx\Include

<h2>Collection of Component Files used:</h2>
Build Time Elapsed:  00:00:21
</pre>
</body>
</html>
